[assembly: System.Runtime.CompilerServices.InternalsVisibleTo(@"NServiceBus.Transport.AzureServiceBus.Tests, PublicKey=0024000004800000940000000602000000240000525341310004000001000100dde965e6172e019ac82c2639ffe494dd2e7dd16347c34762a05732b492e110f2e4e2e1b5ef2d85c848ccfb671ee20a47c8d1376276708dc30a90ff1121b647ba3b7259a6bc383b2034938ef0e275b58b920375ac605076178123693c6c4f1331661a62eba28c249386855637780e3ff5f23a6d854700eaa6803ef48907513b92")]
namespace NServiceBus
{
    public class AzureServiceBusTransport : NServiceBus.Transport.TransportDefinition
    {
        public AzureServiceBusTransport() { }
        public override string ExampleConnectionStringForErrorMessage { get; }
        public override NServiceBus.Transport.TransportInfrastructure Initialize(NServiceBus.Settings.SettingsHolder settings, string connectionString) { }
    }
    public static class AzureServiceBusTransportSettingsExtensions
    {
        public static NServiceBus.TransportExtensions<NServiceBus.AzureServiceBusTransport> CustomRetryPolicy(this NServiceBus.TransportExtensions<NServiceBus.AzureServiceBusTransport> transportExtensions, Azure.Messaging.ServiceBus.ServiceBusRetryOptions retryPolicy) { }
        public static NServiceBus.TransportExtensions<NServiceBus.AzureServiceBusTransport> CustomTokenCredential(this NServiceBus.TransportExtensions<NServiceBus.AzureServiceBusTransport> transportExtensions, Azure.Core.TokenCredential tokenCredential) { }
        public static NServiceBus.TransportExtensions<NServiceBus.AzureServiceBusTransport> EnablePartitioning(this NServiceBus.TransportExtensions<NServiceBus.AzureServiceBusTransport> transportExtensions) { }
        public static NServiceBus.TransportExtensions<NServiceBus.AzureServiceBusTransport> EntityMaximumSize(this NServiceBus.TransportExtensions<NServiceBus.AzureServiceBusTransport> transportExtensions, int maximumSizeInGB) { }
        public static NServiceBus.TransportExtensions<NServiceBus.AzureServiceBusTransport> PrefetchCount(this NServiceBus.TransportExtensions<NServiceBus.AzureServiceBusTransport> transportExtensions, int prefetchCount) { }
        public static NServiceBus.TransportExtensions<NServiceBus.AzureServiceBusTransport> PrefetchMultiplier(this NServiceBus.TransportExtensions<NServiceBus.AzureServiceBusTransport> transportExtensions, int prefetchMultiplier) { }
        [System.Obsolete("Use `SubscriptionRuleNamingConvention` instead. Will be treated as an error from " +
            "version 3.0.0. Will be removed in version 4.0.0.", false)]
        public static NServiceBus.TransportExtensions<NServiceBus.AzureServiceBusTransport> RuleNameShortener(this NServiceBus.TransportExtensions<NServiceBus.AzureServiceBusTransport> transportExtensions, System.Func<string, string> ruleNameShortener) { }
        [System.Obsolete("Use `SubscriptionNamingConvention` instead. Will be treated as an error from vers" +
            "ion 3.0.0. Will be removed in version 4.0.0.", false)]
        public static NServiceBus.TransportExtensions<NServiceBus.AzureServiceBusTransport> SubscriptionNameShortener(this NServiceBus.TransportExtensions<NServiceBus.AzureServiceBusTransport> transportExtensions, System.Func<string, string> subscriptionNameShortener) { }
        public static NServiceBus.TransportExtensions<NServiceBus.AzureServiceBusTransport> SubscriptionNamingConvention(this NServiceBus.TransportExtensions<NServiceBus.AzureServiceBusTransport> transportExtensions, System.Func<string, string> subscriptionNamingConvention) { }
        public static NServiceBus.TransportExtensions<NServiceBus.AzureServiceBusTransport> SubscriptionRuleNamingConvention(this NServiceBus.TransportExtensions<NServiceBus.AzureServiceBusTransport> transportExtensions, System.Func<System.Type, string> subscriptionRuleNamingConvention) { }
        public static NServiceBus.TransportExtensions<NServiceBus.AzureServiceBusTransport> TimeToWaitBeforeTriggeringCircuitBreaker(this NServiceBus.TransportExtensions<NServiceBus.AzureServiceBusTransport> transportExtensions, System.TimeSpan timeToWait) { }
        public static NServiceBus.TransportExtensions<NServiceBus.AzureServiceBusTransport> TopicName(this NServiceBus.TransportExtensions<NServiceBus.AzureServiceBusTransport> transportExtensions, string topicName) { }
        public static NServiceBus.TransportExtensions<NServiceBus.AzureServiceBusTransport> UseWebSockets(this NServiceBus.TransportExtensions<NServiceBus.AzureServiceBusTransport> transportExtensions) { }
    }
    public static class CustomizeNativeMessageExtensions
    {
        public static void CustomizeNativeMessage(this NServiceBus.Extensibility.ExtendableOptions options, System.Action<Azure.Messaging.ServiceBus.ServiceBusMessage> customization) { }
        public static void CustomizeNativeMessage(this NServiceBus.Extensibility.ExtendableOptions options, NServiceBus.IPipelineContext context, System.Action<Azure.Messaging.ServiceBus.ServiceBusMessage> customization) { }
    }
}
namespace NServiceBus.Testing
{
    public static class TestableCustomizeNativeMessageExtensions
    {
        public static System.Action<Azure.Messaging.ServiceBus.ServiceBusMessage> GetNativeMessageCustomization(this NServiceBus.Extensibility.ExtendableOptions options) { }
        public static System.Action<Azure.Messaging.ServiceBus.ServiceBusMessage> GetNativeMessageCustomization(this NServiceBus.Extensibility.ExtendableOptions options, NServiceBus.IPipelineContext context) { }
    }
}