CreateRuleOptions(topicName: 'SubscribeTopic', subscriptionName: 'MySubscriptionName'): {
  "Filter": {
    "filter-type": "sql",
    "SqlExpression": "[NServiceBus.EnclosedMessageTypes] LIKE \u0027%NServiceBus.Transport.AzureServiceBus.Tests.MigrationTopologySubscriptionManagerTests\u002BMyEvent%\u0027",
    "Parameters": {}
  },
  "Action": null,
  "Name": "MyRuleName"
}
