CreateTopicOptions: {
  "DefaultMessageTimeToLive": "10675199.02:48:05.4775807",
  "AutoDeleteOnIdle": "10675199.02:48:05.4775807",
  "MaxSizeInMegabytes": 5120,
  "RequiresDuplicateDetection": false,
  "DuplicateDetectionHistoryTimeWindow": "00:01:00",
  "Name": "bundle-1",
  "AuthorizationRules": [],
  "Status": {},
  "EnablePartitioning": false,
  "SupportOrdering": false,
  "EnableBatchedOperations": true,
  "UserMetadata": null,
  "MaxMessageSizeInKilobytes": null
}
CreateTopicOptions: {
  "DefaultMessageTimeToLive": "10675199.02:48:05.4775807",
  "AutoDeleteOnIdle": "10675199.02:48:05.4775807",
  "MaxSizeInMegabytes": 5120,
  "RequiresDuplicateDetection": false,
  "DuplicateDetectionHistoryTimeWindow": "00:01:00",
  "Name": "bundle-2",
  "AuthorizationRules": [],
  "Status": {},
  "EnablePartitioning": false,
  "SupportOrdering": false,
  "EnableBatchedOperations": true,
  "UserMetadata": null,
  "MaxMessageSizeInKilobytes": null
}
CreateSubscriptionOptions: {
  "LockDuration": "00:05:00",
  "RequiresSession": false,
  "DefaultMessageTimeToLive": "10675199.02:48:05.4775807",
  "AutoDeleteOnIdle": "10675199.02:48:05.4775807",
  "DeadLetteringOnMessageExpiration": false,
  "EnableDeadLetteringOnFilterEvaluationExceptions": false,
  "TopicName": "bundle-1",
  "SubscriptionName": "forwardTo-bundle-2",
  "MaxDeliveryCount": 2147483647,
  "Status": {},
  "ForwardTo": "bundle-2",
  "ForwardDeadLetteredMessagesTo": null,
  "EnableBatchedOperations": true,
  "UserMetadata": "bundle-2"
}
CreateRuleOptions: {
  "Filter": {},
  "Action": null,
  "Name": "$default"
}
