CreateSubscriptionOptions: {
  "LockDuration": "00:05:00",
  "RequiresSession": false,
  "DefaultMessageTimeToLive": "10675199.02:48:05.4775807",
  "AutoDeleteOnIdle": "10675199.02:48:05.4775807",
  "DeadLetteringOnMessageExpiration": false,
  "EnableDeadLetteringOnFilterEvaluationExceptions": false,
  "TopicName": "NServiceBus.Transport.AzureServiceBus.Tests.TopicPerEventTypeSubscriptionManagerTests\u002BMyEvent1",
  "SubscriptionName": "MySubscriptionName",
  "MaxDeliveryCount": 2147483647,
  "Status": {},
  "ForwardTo": "SubscribingQueue",
  "ForwardDeadLetteredMessagesTo": null,
  "EnableBatchedOperations": true,
  "UserMetadata": "SubscribingQueue"
}
CreateRuleOptions: {
  "Filter": {
    "filter-type": "true",
    "SqlExpression": "1=1",
    "Parameters": {}
  },
  "Action": null,
  "Name": "$Default"
}
CreateSubscriptionOptions: {
  "LockDuration": "00:05:00",
  "RequiresSession": false,
  "DefaultMessageTimeToLive": "10675199.02:48:05.4775807",
  "AutoDeleteOnIdle": "10675199.02:48:05.4775807",
  "DeadLetteringOnMessageExpiration": false,
  "EnableDeadLetteringOnFilterEvaluationExceptions": false,
  "TopicName": "NServiceBus.Transport.AzureServiceBus.Tests.TopicPerEventTypeSubscriptionManagerTests\u002BMyEvent2",
  "SubscriptionName": "MySubscriptionName",
  "MaxDeliveryCount": 2147483647,
  "Status": {},
  "ForwardTo": "SubscribingQueue",
  "ForwardDeadLetteredMessagesTo": null,
  "EnableBatchedOperations": true,
  "UserMetadata": "SubscribingQueue"
}
CreateRuleOptions: {
  "Filter": {
    "filter-type": "true",
    "SqlExpression": "1=1",
    "Parameters": {}
  },
  "Action": null,
  "Name": "$Default"
}
